// Jest Snapshot v1, https://goo.gl/fbAQLP

exports[`Test Schema basic 1`] = `true`;

exports[`Test Schema basic 2`] = `null`;

exports[`Test Schema default 1`] = `true`;

exports[`Test Schema default 2`] = `null`;

exports[`Test Schema onClick action 1`] = `true`;

exports[`Test Schema onClick action 2`] = `null`;
